make[1]: Entering directory '/workspace/kernel-12/out'
  GEN     ./Makefile
  HOSTCC  scripts/basic/fixdep
  HOSTCC  scripts/kconfig/conf.o
  HOSTCC  scripts/kconfig/zconf.tab.o
In file included from ../scripts/kconfig/zconf.tab.c:2470:
../scripts/kconfig/symbol.c:1153:4: warning: misleading indentation; statement is not part of the previous 'if' [-Wmisleading-indentation]
 1153 |                         fprintf(stderr, "For a resolution refer to Documentation/kbuild/kconfig-language.txt\n");
      |                         ^
../scripts/kconfig/symbol.c:1150:3: note: previous statement is here
 1150 |                 if (stack->sym == last_sym)
      |                 ^
1 warning generated.
  HOSTLD  scripts/kconfig/conf
scripts/kconfig/conf  --silentoldconfig Kconfig
  CHK     include/config/kernel.release
  GEN     ./Makefile
  CHK     include/generated/uapi/linux/version.h
  WRAP    arch/arm64/include/generated/uapi/asm/errno.h
  WRAP    arch/arm64/include/generated/uapi/asm/ioctl.h
  WRAP    arch/arm64/include/generated/uapi/asm/ioctls.h
  WRAP    arch/arm64/include/generated/uapi/asm/ipcbuf.h
  WRAP    arch/arm64/include/generated/uapi/asm/kvm_para.h
  UPD     include/generated/uapi/linux/version.h
  WRAP    arch/arm64/include/generated/uapi/asm/mman.h
  WRAP    arch/arm64/include/generated/uapi/asm/msgbuf.h
  WRAP    arch/arm64/include/generated/uapi/asm/poll.h
  WRAP    arch/arm64/include/generated/uapi/asm/resource.h
  WRAP    arch/arm64/include/generated/uapi/asm/sembuf.h
  WRAP    arch/arm64/include/generated/uapi/asm/shmbuf.h
  WRAP    arch/arm64/include/generated/uapi/asm/socket.h
  WRAP    arch/arm64/include/generated/uapi/asm/sockios.h
  WRAP    arch/arm64/include/generated/uapi/asm/swab.h
  WRAP    arch/arm64/include/generated/uapi/asm/termbits.h
  WRAP    arch/arm64/include/generated/uapi/asm/termios.h
  WRAP    arch/arm64/include/generated/uapi/asm/types.h
  HOSTCC  scripts/basic/fixdep
../scripts/setlocalversion: line 190: scm: command not found
  UPD     include/config/kernel.release
  Using .. as source for kernel
  HOSTCC  scripts/basic/bin2c
  .. is not clean, please run 'make mrproper'
  in the '..' directory.
make[1]: *** [/workspace/kernel-12/Makefile:1231: prepare3] Error 1
make[1]: *** Waiting for unfinished jobs....
make[1]: Leaving directory '/workspace/kernel-12/out'
make: *** [Makefile:146: sub-make] Error 2
